// Jest Snapshot v1, https://goo.gl/fbAQLP

exports[`App correctly renders after relaunch 1`] = `
<Connect(PageMain)
  offers={
    Array [
      Object {
        "city": "",
        "coast": 0,
        "coordinates": Array [
          0,
          0,
        ],
        "id": "id1",
        "isPremium": true,
        "src": "",
        "title": "",
        "type": "",
      },
    ]
  }
  onClick={[Function]}
/>
`;
